27/11-> Test with service lancé par l'orchestre (sans config.c) (inversion bool use Service) : Ok code ADR ddu client reçu, on peut relancer en boucle des demandes client

Test Service somme :

CLIENT/client 0 345 76 "==> "
ORCHESTRE/orchestre CONFIG/config.txt



--- TERMINAL client : 

xbaubet@BE13-20-L:~/Bureau/Projet_C/PROJET/src$ CLIENT/client 0 345 76 "==> "
client.c State service (-2) : service not start.



--- TERMINAL Orchestre : 

xbaubet@BE13-20-L:~/Bureau/Projet_C/PROJET/src$ ORCHESTRE/orchestre CONFIG/config.txt

Ligne 146

MODE_CO : 417
 
 Before execv Ligne 259

Ligne 262

ret ADR = 8






25/11-> Test with service lancé par l'orchestre et pas utilisé (sans config.c) : NOT Ok => problème lecture string

Test Service somme :

CLIENT/client 0 345 76 "==> "


------ TERMINAL client : 

xbaubet@BE13-20-L:~/Bureau/Projet_C/PROJET/src$ CLIENT/client 0 345 76 "==> "
xbaubet@BE13-20-L:~/Bureau/Projet_C/PROJET/src$ 


------ TERMINAL Orchestre : 

xbaubet@BE13-20-L:~/Bureau/Projet_C/PROJET/src$ ORCHESTRE/orchestre CONFIG/config.txt

Ligne 146

MODE_CO : 417
 
 Before execv Ligne 259

Ligne 262
/---------------------------
| Erreur détectée !

ret ADR = 8																
|       fichier  : service.c
|       ligne    : 91
|       fonction : main
|       pid      : 21516
|    Message :
|       -> Erreur client.c, open read fdC2S

|    Message systeme:
|       -> No such file or directory
|    On stoppe le programme
\---------------------------




26/11-> Test arret des service : NOT OK -> UPDATE -> 03/12 

Test Arret : bug constater -> il faut envoyer deux fois -1 (CLIENT/client -1) pour l'arret

-> rm sema ok 
-> unlink pipe ok

-> le client ne s'arrête pas




03/12 -> Test semaphore service-orchestre : OK
service.c DEBUT Valeur du sémaphore (semaID=45) : 1
service.c entreSC Valeur du sémaphore (semaID=45) : 0
Avant calcul : f1 = 345.000000, f2 = 76.000000
Après calcul : sum = 421.000000
service.c Valeur du sémaphore (semaID=45) : 1
service.c DEBUT Valeur du sémaphore (semaID=45) : 1


03/12 -> UPDATE test service somme : OK
xbaubet@BE11-29-L:~/Bureau/baubet_projet/PROJET/src$ CLIENT/client 0 345 76 "==> "
client.c - lancement client_somme.c :
==>  421.000000

03/12 -> UPDATE test arret service : OK
 Service.c, code Arret des services, service 1
 Service.c, code Arret des services, service 2
 Service.c, code Arret des services, service 0
xbaubet@BE11-29-L:~/Bureau/baubet_projet/PROJET/src$ 			// retour cmd, orchestre plus en cours



